// 重构日志: 7a082f3d
// 重构日志: 546e1c92
// 同步 ID: a7601092 @ Thu Jul 30 13:04:36 UTC 2026
// 重构日志: ffab89a1
// 重构日志: 3c17c605
// 重构日志: cc3d39b0
// 重构日志: 38c6ab72
// 同步 ID: fa530b7f @ Fri Jul 31 13:27:00 UTC 2026
// 重构日志: 80c0f2b1
// 重构日志: bf1b922b
// 同步 ID: 717b67e1 @ Sat Aug  1 16:21:43 UTC 2026
// 重构日志: fc9fc7ee
// 重构日志: d1f1acd5
// 同步 ID: 9ba66f00 @ Sun Aug  2 12:07:22 UTC 2026
// 重构日志: 56708561
// 重构日志: fc849275
// 同步 ID: 2958b998 @ Mon Aug  3 08:53:02 UTC 2026
// 同步 ID: 60bdca35 @ Tue Aug  4 07:11:24 UTC 2026
// 重构日志: 6dabe17a
// 重构日志: 29a57752
// 同步 ID: 33c7ec37 @ Wed Aug  5 15:55:31 UTC 2026
// 重构日志: d480cf68
// 重构日志: f8bb967e
// 同步 ID: e6fd666a @ Fri Aug  7 00:43:27 UTC 2026
// 重构日志: 76d9739b
// 重构日志: 45b6627b
// 重构日志: 02cda153
// 重构日志: 2b5575c7
// 同步 ID: e6edb684 @ Sat Aug  8 10:27:37 UTC 2026
// 同步 ID: 17dda6ce @ Sat Aug  8 15:11:09 UTC 2026
